<html>
<body>
<pre>
<h1>µVision Build Log</h1>
<h2>Project:</h2>
C:\Users\Aladdin\Desktop\ultra_sonic rtos - wifi\first.uvproj
Project File Date:  07/18/2018

<h2>Output:</h2>
Rebuild target 'Target 1'
compiling main.c...
main.c(23): warning:  #550-D: variable "delay" was set but never used
        uint32_t delay;
main.c(43): warning:  #550-D: variable "dummy" was set but never used
        uint32_t dummy ;
main.c(59): warning:  #550-D: variable "delay" was set but never used
        uint32_t delay;
main.c(89): warning:  #550-D: variable "delay" was set but never used
        uint32_t delay;
main.c(308): warning:  #167-D: argument of type "void (*)(void)" is incompatible with parameter of type "TaskFunction_t"
        xTaskCreate(Task1, "My Task1", 256, NULL, 3, NULL);
main.c(316): warning:  #1-D: last line of file ends without a newline
  }
main.c: 6 warnings, 0 errors
assembling startup_rvmdk.S...
compiling functions.c...
compiling list.c...
compiling queue.c...
compiling tasks.c...
compiling timers.c...
compiling port.c...
compiling heap_1.c...
linking...
Program Size: Code=18604 RO-data=32 RW-data=116 ZI-data=4692  
".\first.axf" - 0 Error(s), 6 Warning(s).
Load "C:\\Users\\Aladdin\\Desktop\\ultra_sonic rtos - wifi\\first.axf" 
Connecting: Mode=JTAG, Speed=1000000Hz
Erase Done.
Programming Done.
Verify OK.
</pre>
</body>
</html>
